// Jest Snapshot v1, https://goo.gl/fbAQLP

exports[`Testing the <ExampleRef /> component should render 1`] = `
<div>
  <h1>
    Emaple useRef
  </h1>
  <hr />
  <button
    className="btn btn-primary mt-4"
    onClick={[Function]}
  >
    Show/Hide
  </button>
</div>
`;
