// Jest Snapshot v1, https://goo.gl/fbAQLP

exports[`Testing the <TodoList /> component should render correctly 1`] = `
<ul
  className="list-group list-group-flush"
>
  <TodoListItem
    handleDelete={[MockFunction]}
    handleToggle={[MockFunction]}
    indice={0}
    key="1"
    todo={
      Object {
        "desc": "Aprender React",
        "done": false,
        "id": 1,
      }
    }
  />
  <TodoListItem
    handleDelete={[MockFunction]}
    handleToggle={[MockFunction]}
    indice={1}
    key="2"
    todo={
      Object {
        "desc": "Aprender Node",
        "done": false,
        "id": 2,
      }
    }
  />
  <TodoListItem
    handleDelete={[MockFunction]}
    handleToggle={[MockFunction]}
    indice={2}
    key="3"
    todo={
      Object {
        "desc": "Aprender GraphQL",
        "done": false,
        "id": 3,
      }
    }
  />
</ul>
`;
