// Jest Snapshot v1, https://goo.gl/fbAQLP

exports[`Testing the <TodoAdd /> component should render correctly 1`] = `
<Fragment>
  <h4>
    Add TODO
  </h4>
  <hr />
  <form
    onSubmit={[Function]}
  >
    <input
      autoComplete="off"
      className="form-control"
      name="description"
      onChange={[Function]}
      placeholder="Enter a todo description"
      type="text"
      value=""
    />
    <div
      className="d-grid gap-2"
    >
      <button
        className="btn btn-success mt-1"
        type="submit"
      >
        Add Todo
      </button>
    </div>
  </form>
</Fragment>
`;
