// Jest Snapshot v1, https://goo.gl/fbAQLP

exports[`Testing the <AppRouter /> component should render correctly 1`] = `
<div>
  <nav
    className="navbar navbar-expand-lg navbar-dark bg-dark"
  >
    <div
      className="container-fluid"
    >
      <a
        className="navbar-brand"
        href="/"
        onClick={[Function]}
      >
        useContext
      </a>
      <button
        aria-controls="navbarNavAltMarkup"
        aria-expanded="false"
        aria-label="Toggle navigation"
        className="navbar-toggler"
        data-bs-target="#navbarNavAltMarkup"
        data-bs-toggle="collapse"
        type="button"
      >
        <span
          className="navbar-toggler-icon"
        />
      </button>
      <div
        className="collapse navbar-collapse"
        id="navbarNavAltMarkup"
      >
        <div
          className="navbar-nav"
        >
          <a
            aria-current="page"
            className="nav-link active"
            href="/"
            onClick={[Function]}
          >
            Home
          </a>
          <a
            className="nav-link "
            href="/about"
            onClick={[Function]}
          >
            About
          </a>
          <a
            className="nav-link "
            href="/login"
            onClick={[Function]}
          >
            Login
          </a>
        </div>
      </div>
    </div>
  </nav>
  <div
    className="container"
  >
    <div>
      <h1>
        Home
      </h1>
      <hr />
      <pre>
        {
   "name": "Felipao",
   "email": "felipenavas.itec@gmail.com"
}
      </pre>
    </div>
  </div>
</div>
`;
