// Jest Snapshot v1, https://goo.gl/fbAQLP

exports[`Testing the <HomeScreen /> component should render correctly 1`] = `
<div>
  <h1>
    Home
  </h1>
  <hr />
  <pre>
    {
   "name": "Felipao",
   "email": "felipenavas.itec@gmail.com"
}
  </pre>
</div>
`;
