// Jest Snapshot v1, https://goo.gl/fbAQLP

exports[`Testing the <LoginScreen /> component should render correctly 1`] = `
<div>
  <h1>
    Login
  </h1>
  <hr />
  <pre>
    {
   "name": "Felipao",
   "email": "felipenavas.itec@gmail.com"
}
  </pre>
  <button
    className="btn btn-primary"
    onClick={[Function]}
  >
    Login
  </button>
</div>
`;
